// Jest Snapshot v1, https://goo.gl/fbAQLP

exports[`Test the component what should show all Products Should show all products of home page 1`] = `
<div>
  <div
    class="MuiBox-root css-0"
  >
    <div
      class="MuiGrid-root MuiGrid-container MuiGrid-spacing-xs-2  mx-auto w-[100%]   h-[100%]  css-919fip-MuiGrid-root"
    >
      <div
        class="MuiGrid-root MuiGrid-item MuiGrid-grid-md-true css-ehu4kr-MuiGrid-root"
      >
        <div
          class=" rounded-lg bg-white w-[16rem] min-h-min cursor-pointer  MuiBox-root css-0"
        >
          <span
            style="box-sizing: border-box; display: inline-block; overflow: hidden; background: none; opacity: 1; border: 0px; margin: 0px; padding: 0px; position: relative; max-width: 100%;"
          >
            <span
              style="box-sizing: border-box; display: block; background: none; opacity: 1; border: 0px; margin: 0px; padding: 0px; max-width: 100%;"
            >
              <img
                alt=""
                aria-hidden="true"
                src="data:image/svg+xml,%3csvg%20xmlns=%27http://www.w3.org/2000/svg%27%20version=%271.1%27%20width=%27256%27%20height=%27300%27/%3e"
                style="display: block; max-width: 100%; background: none; opacity: 1; border: 0px; margin: 0px; padding: 0px;"
              />
            </span>
            <img
              class="border rounded-t-lg"
              data-nimg="intrinsic"
              decoding="async"
              src="data:image/gif;base64,R0lGODlhAQABAIAAAAAAAP///yH5BAEAAAAALAAAAAABAAEAAAIBRAA7"
              style="position: absolute; top: 0px; left: 0px; bottom: 0px; right: 0px; box-sizing: border-box; padding: 0px; margin: auto; display: block; width: 0px; height: 0px; min-width: 100%; max-width: 100%; min-height: 100%; max-height: 100%;"
            />
            <noscript />
          </span>
          <div
            class="grid px-3 py-2 gap-y-2 MuiBox-root css-0"
          >
            <p
              class="prose-base font-['Saira'] text-base leading-6 "
              data-testid="product-name"
            >
              Camiseta evening
            </p>
            <div
              class="w-[14.25rem] h-[1px] border border-[DCE2E5] mx-auto"
            />
            <p
              class="font-bold"
              data-testid="product-cost"
            >
              R$ 58,59
            </p>
          </div>
        </div>
      </div>
      <div
        class="MuiGrid-root MuiGrid-item MuiGrid-grid-md-true css-ehu4kr-MuiGrid-root"
      >
        <div
          class=" rounded-lg bg-white w-[16rem] min-h-min cursor-pointer  MuiBox-root css-0"
        >
          <span
            style="box-sizing: border-box; display: inline-block; overflow: hidden; background: none; opacity: 1; border: 0px; margin: 0px; padding: 0px; position: relative; max-width: 100%;"
          >
            <span
              style="box-sizing: border-box; display: block; background: none; opacity: 1; border: 0px; margin: 0px; padding: 0px; max-width: 100%;"
            >
              <img
                alt=""
                aria-hidden="true"
                src="data:image/svg+xml,%3csvg%20xmlns=%27http://www.w3.org/2000/svg%27%20version=%271.1%27%20width=%27256%27%20height=%27300%27/%3e"
                style="display: block; max-width: 100%; background: none; opacity: 1; border: 0px; margin: 0px; padding: 0px;"
              />
            </span>
            <img
              class="border rounded-t-lg"
              data-nimg="intrinsic"
              decoding="async"
              src="data:image/gif;base64,R0lGODlhAQABAIAAAAAAAP///yH5BAEAAAAALAAAAAABAAEAAAIBRAA7"
              style="position: absolute; top: 0px; left: 0px; bottom: 0px; right: 0px; box-sizing: border-box; padding: 0px; margin: auto; display: block; width: 0px; height: 0px; min-width: 100%; max-width: 100%; min-height: 100%; max-height: 100%;"
            />
            <noscript />
          </span>
          <div
            class="grid px-3 py-2 gap-y-2 MuiBox-root css-0"
          >
            <p
              class="prose-base font-['Saira'] text-base leading-6 "
              data-testid="product-name"
            >
              Caneca Decaf! P&Co
            </p>
            <div
              class="w-[14.25rem] h-[1px] border border-[DCE2E5] mx-auto"
            />
            <p
              class="font-bold"
              data-testid="product-cost"
            >
              R$ 46,73
            </p>
          </div>
        </div>
      </div>
      <div
        class="MuiGrid-root MuiGrid-item MuiGrid-grid-md-true css-ehu4kr-MuiGrid-root"
      >
        <div
          class=" rounded-lg bg-white w-[16rem] min-h-min cursor-pointer  MuiBox-root css-0"
        >
          <span
            style="box-sizing: border-box; display: inline-block; overflow: hidden; background: none; opacity: 1; border: 0px; margin: 0px; padding: 0px; position: relative; max-width: 100%;"
          >
            <span
              style="box-sizing: border-box; display: block; background: none; opacity: 1; border: 0px; margin: 0px; padding: 0px; max-width: 100%;"
            >
              <img
                alt=""
                aria-hidden="true"
                src="data:image/svg+xml,%3csvg%20xmlns=%27http://www.w3.org/2000/svg%27%20version=%271.1%27%20width=%27256%27%20height=%27300%27/%3e"
                style="display: block; max-width: 100%; background: none; opacity: 1; border: 0px; margin: 0px; padding: 0px;"
              />
            </span>
            <img
              class="border rounded-t-lg"
              data-nimg="intrinsic"
              decoding="async"
              src="data:image/gif;base64,R0lGODlhAQABAIAAAAAAAP///yH5BAEAAAAALAAAAAABAAEAAAIBRAA7"
              style="position: absolute; top: 0px; left: 0px; bottom: 0px; right: 0px; box-sizing: border-box; padding: 0px; margin: auto; display: block; width: 0px; height: 0px; min-width: 100%; max-width: 100%; min-height: 100%; max-height: 100%;"
            />
            <noscript />
          </span>
          <div
            class="grid px-3 py-2 gap-y-2 MuiBox-root css-0"
          >
            <p
              class="prose-base font-['Saira'] text-base leading-6 "
              data-testid="product-name"
            >
              Caneca de cerâmica rústica
            </p>
            <div
              class="w-[14.25rem] h-[1px] border border-[DCE2E5] mx-auto"
            />
            <p
              class="font-bold"
              data-testid="product-cost"
            >
              R$ 58,59
            </p>
          </div>
        </div>
      </div>
    </div>
  </div>
</div>
`;
